{"sessionId":"6f236a","runId":"endline-post","hypothesisId":"D","location":"designer.js:drawRegion","message":"rightmost edge guide","data":{"regionId":"header","guideLeft":765,"lastWidth":0,"prevWidth":100,"total":753,"inset1px":true},"timestamp":1788021469902}
{"sessionId":"6f236a","runId":"post-fix","hypothesisId":"A","location":"designer.js:drawRegion","message":"line-x skipped (removed)","data":{"regionId":"header","isGrid":false,"isGridTab":false,"lineXCount":0},"timestamp":1788021469902}
{"sessionId":"6f236a","runId":"align-post","hypothesisId":"A","location":"designer.js:drawWidthStrip","message":"zero-tick vs guide left","data":{"col":5,"guideLeft":312,"tickLeft":312,"deltaPx":0,"region":"header"},"timestamp":1788021469902}
{"sessionId":"6f236a","runId":"align-post","hypothesisId":"A","location":"designer.js:drawWidthStrip","message":"zero-tick vs guide left","data":{"col":6,"guideLeft":312,"tickLeft":312,"deltaPx":0,"region":"header"},"timestamp":1788021469902}
{"sessionId":"6f236a","runId":"align-post","hypothesisId":"A","location":"designer.js:drawWidthStrip","message":"zero-tick vs guide left","data":{"col":14,"guideLeft":765,"tickLeft":765,"deltaPx":0,"region":"header"},"timestamp":1788021469903}
{"sessionId":"6f236a","runId":"endline-post","hypothesisId":"E","location":"designer.js:drawWidthStrip","message":"last-col tick end border","data":{"col":14,"label":0,"zero":true,"isLast":true,"hasEndClass":false,"tickLeft":765,"rightEdge":765,"region":"header"},"timestamp":1788021469903}
{"sessionId":"6f236a","runId":"endline-post","hypothesisId":"D","location":"designer.js:drawRegion","message":"rightmost edge guide","data":{"regionId":"cat:1","guideLeft":786,"lastWidth":769,"total":769,"inset1px":true},"timestamp":1788021469903}
{"sessionId":"6f236a","runId":"post-fix","hypothesisId":"A","location":"designer.js:drawRegion","message":"line-x skipped (removed)","data":{"regionId":"cat:1","isGrid":false,"isGridTab":true,"lineXCount":0},"timestamp":1788021469904}
{"sessionId":"6f236a","runId":"endline-post","hypothesisId":"E","location":"designer.js:drawWidthStrip","message":"last-col tick end border","data":{"col":0,"label":769,"zero":false,"isLast":true,"hasEndClass":true,"tickLeft":17,"rightEdge":786,"region":null},"timestamp":1788021469904}
{"sessionId":"6f236a","runId":"endline-post","hypothesisId":"D","location":"designer.js:drawRegion","message":"rightmost edge guide","data":{"regionId":"footer","guideLeft":765,"lastWidth":100,"prevWidth":8,"total":753,"inset1px":true},"timestamp":1788021469904}
{"sessionId":"6f236a","runId":"post-fix","hypothesisId":"A","location":"designer.js:drawRegion","message":"line-x skipped (removed)","data":{"regionId":"footer","isGrid":false,"isGridTab":false,"lineXCount":0},"timestamp":1788021469905}
{"sessionId":"6f236a","runId":"align-post","hypothesisId":"A","location":"designer.js:drawWidthStrip","message":"zero-tick vs guide left","data":{"col":5,"guideLeft":312,"tickLeft":312,"deltaPx":0,"region":"footer"},"timestamp":1788021469905}
{"sessionId":"6f236a","runId":"align-post","hypothesisId":"A","location":"designer.js:drawWidthStrip","message":"zero-tick vs guide left","data":{"col":6,"guideLeft":312,"tickLeft":312,"deltaPx":0,"region":"footer"},"timestamp":1788021469905}
{"sessionId":"6f236a","runId":"endline-post","hypothesisId":"E","location":"designer.js:drawWidthStrip","message":"last-col tick end border","data":{"col":14,"label":100,"zero":false,"isLast":true,"hasEndClass":true,"tickLeft":665,"rightEdge":765,"region":"footer"},"timestamp":1788021469905}
{"sessionId":"6f236a","runId":"align-pre","hypothesisId":"B","location":"designer.js:drawTabHeightHandles","message":"height-label right vs table declared right","data":{"panelRight":784,"tableRight":786,"deltaPx":-2,"declaredTotal":769,"panelW":772},"timestamp":1788021469906}
{"sessionId":"6f236a","runId":"post-fix","hypothesisId":"B","location":"designer.js:drawBlueprint","message":"blueprint DOM guide counts","data":{"guideH":0,"guideV":34,"hheight":2,"split":2,"edgeH":0},"timestamp":1788021469907}
{"sessionId":"6f236a","runId":"endline-post","hypothesisId":"D","location":"designer.js:drawRegion","message":"rightmost edge guide","data":{"regionId":"header","guideLeft":765,"lastWidth":0,"prevWidth":100,"total":753,"inset1px":true},"timestamp":1788021470708}
{"sessionId":"6f236a","runId":"post-fix","hypothesisId":"A","location":"designer.js:drawRegion","message":"line-x skipped (removed)","data":{"regionId":"header","isGrid":false,"isGridTab":false,"lineXCount":0},"timestamp":1788021470708}
{"sessionId":"6f236a","runId":"align-post","hypothesisId":"A","location":"designer.js:drawWidthStrip","message":"zero-tick vs guide left","data":{"col":5,"guideLeft":312,"tickLeft":312,"deltaPx":0,"region":"header"},"timestamp":1788021470708}
{"sessionId":"6f236a","runId":"align-post","hypothesisId":"A","location":"designer.js:drawWidthStrip","message":"zero-tick vs guide left","data":{"col":6,"guideLeft":312,"tickLeft":312,"deltaPx":0,"region":"header"},"timestamp":1788021470709}
{"sessionId":"6f236a","runId":"align-post","hypothesisId":"A","location":"designer.js:drawWidthStrip","message":"zero-tick vs guide left","data":{"col":14,"guideLeft":765,"tickLeft":765,"deltaPx":0,"region":"header"},"timestamp":1788021470709}
{"sessionId":"6f236a","runId":"endline-post","hypothesisId":"E","location":"designer.js:drawWidthStrip","message":"last-col tick end border","data":{"col":14,"label":0,"zero":true,"isLast":true,"hasEndClass":false,"tickLeft":765,"rightEdge":765,"region":"header"},"timestamp":1788021470709}
{"sessionId":"6f236a","runId":"endline-post","hypothesisId":"D","location":"designer.js:drawRegion","message":"rightmost edge guide","data":{"regionId":"cat:5","guideLeft":770,"lastWidth":0,"prevWidth":0,"total":753,"inset1px":true},"timestamp":1788021470710}
{"sessionId":"6f236a","runId":"post-fix","hypothesisId":"A","location":"designer.js:drawRegion","message":"line-x skipped (removed)","data":{"regionId":"cat:5","isGrid":false,"isGridTab":false,"lineXCount":0},"timestamp":1788021470710}
{"sessionId":"6f236a","runId":"align-post","hypothesisId":"A","location":"designer.js:drawWidthStrip","message":"zero-tick vs guide left","data":{"col":9,"guideLeft":770,"tickLeft":770,"deltaPx":0,"region":"cat:5"},"timestamp":1788021470710}
{"sessionId":"6f236a","runId":"align-post","hypothesisId":"A","location":"designer.js:drawWidthStrip","message":"zero-tick vs guide left","data":{"col":10,"guideLeft":770,"tickLeft":770,"deltaPx":0,"region":"cat:5"},"timestamp":1788021470710}
{"sessionId":"6f236a","runId":"align-post","hypothesisId":"A","location":"designer.js:drawWidthStrip","message":"zero-tick vs guide left","data":{"col":11,"guideLeft":770,"tickLeft":770,"deltaPx":0,"region":"cat:5"},"timestamp":1788021470710}
{"sessionId":"6f236a","runId":"endline-post","hypothesisId":"E","location":"designer.js:drawWidthStrip","message":"last-col tick end border","data":{"col":11,"label":0,"zero":true,"isLast":true,"hasEndClass":false,"tickLeft":770,"rightEdge":770,"region":"cat:5"},"timestamp":1788021470711}
{"sessionId":"6f236a","runId":"endline-post","hypothesisId":"D","location":"designer.js:drawRegion","message":"rightmost edge guide","data":{"regionId":"footer","guideLeft":765,"lastWidth":100,"prevWidth":8,"total":753,"inset1px":true},"timestamp":1788021470711}
{"sessionId":"6f236a","runId":"post-fix","hypothesisId":"A","location":"designer.js:drawRegion","message":"line-x skipped (removed)","data":{"regionId":"footer","isGrid":false,"isGridTab":false,"lineXCount":0},"timestamp":1788021470711}
{"sessionId":"6f236a","runId":"align-post","hypothesisId":"A","location":"designer.js:drawWidthStrip","message":"zero-tick vs guide left","data":{"col":5,"guideLeft":312,"tickLeft":312,"deltaPx":0,"region":"footer"},"timestamp":1788021470711}
{"sessionId":"6f236a","runId":"align-post","hypothesisId":"A","location":"designer.js:drawWidthStrip","message":"zero-tick vs guide left","data":{"col":6,"guideLeft":312,"tickLeft":312,"deltaPx":0,"region":"footer"},"timestamp":1788021470712}
{"sessionId":"6f236a","runId":"endline-post","hypothesisId":"E","location":"designer.js:drawWidthStrip","message":"last-col tick end border","data":{"col":14,"label":100,"zero":false,"isLast":true,"hasEndClass":true,"tickLeft":665,"rightEdge":765,"region":"footer"},"timestamp":1788021470712}
{"sessionId":"6f236a","runId":"align-pre","hypothesisId":"B","location":"designer.js:drawTabHeightHandles","message":"height-label right vs table declared right","data":{"panelRight":784,"tableRight":770,"deltaPx":14,"declaredTotal":753,"panelW":772},"timestamp":1788021470713}
{"sessionId":"6f236a","runId":"post-fix","hypothesisId":"B","location":"designer.js:drawBlueprint","message":"blueprint DOM guide counts","data":{"guideH":0,"guideV":45,"hheight":1,"split":3,"edgeH":0},"timestamp":1788021470714}
{"sessionId":"6f236a","runId":"endline-post","hypothesisId":"D","location":"designer.js:drawRegion","message":"rightmost edge guide","data":{"regionId":"header","guideLeft":765,"lastWidth":0,"prevWidth":100,"total":753,"inset1px":true},"timestamp":1788021471457}
{"sessionId":"6f236a","runId":"post-fix","hypothesisId":"A","location":"designer.js:drawRegion","message":"line-x skipped (removed)","data":{"regionId":"header","isGrid":false,"isGridTab":false,"lineXCount":0},"timestamp":1788021471457}
{"sessionId":"6f236a","runId":"align-post","hypothesisId":"A","location":"designer.js:drawWidthStrip","message":"zero-tick vs guide left","data":{"col":5,"guideLeft":312,"tickLeft":312,"deltaPx":0,"region":"header"},"timestamp":1788021471457}
{"sessionId":"6f236a","runId":"align-post","hypothesisId":"A","location":"designer.js:drawWidthStrip","message":"zero-tick vs guide left","data":{"col":6,"guideLeft":312,"tickLeft":312,"deltaPx":0,"region":"header"},"timestamp":1788021471458}
{"sessionId":"6f236a","runId":"align-post","hypothesisId":"A","location":"designer.js:drawWidthStrip","message":"zero-tick vs guide left","data":{"col":14,"guideLeft":765,"tickLeft":765,"deltaPx":0,"region":"header"},"timestamp":1788021471458}
{"sessionId":"6f236a","runId":"endline-post","hypothesisId":"E","location":"designer.js:drawWidthStrip","message":"last-col tick end border","data":{"col":14,"label":0,"zero":true,"isLast":true,"hasEndClass":false,"tickLeft":765,"rightEdge":765,"region":"header"},"timestamp":1788021471458}
{"sessionId":"6f236a","runId":"endline-post","hypothesisId":"D","location":"designer.js:drawRegion","message":"rightmost edge guide","data":{"regionId":"cat:18","guideLeft":770,"lastWidth":0,"prevWidth":0,"total":753,"inset1px":true},"timestamp":1788021471458}
{"sessionId":"6f236a","runId":"post-fix","hypothesisId":"A","location":"designer.js:drawRegion","message":"line-x skipped (removed)","data":{"regionId":"cat:18","isGrid":false,"isGridTab":false,"lineXCount":0},"timestamp":1788021471458}
{"sessionId":"6f236a","runId":"align-post","hypothesisId":"A","location":"designer.js:drawWidthStrip","message":"zero-tick vs guide left","data":{"col":5,"guideLeft":317,"tickLeft":317,"deltaPx":0,"region":"cat:18"},"timestamp":1788021471459}
{"sessionId":"6f236a","runId":"align-post","hypothesisId":"A","location":"designer.js:drawWidthStrip","message":"zero-tick vs guide left","data":{"col":6,"guideLeft":317,"tickLeft":317,"deltaPx":0,"region":"cat:18"},"timestamp":1788021471459}
{"sessionId":"6f236a","runId":"align-post","hypothesisId":"A","location":"designer.js:drawWidthStrip","message":"zero-tick vs guide left","data":{"col":11,"guideLeft":562,"tickLeft":562,"deltaPx":0,"region":"cat:18"},"timestamp":1788021471459}
{"sessionId":"6f236a","runId":"align-post","hypothesisId":"A","location":"designer.js:drawWidthStrip","message":"zero-tick vs guide left","data":{"col":16,"guideLeft":770,"tickLeft":770,"deltaPx":0,"region":"cat:18"},"timestamp":1788021471459}
{"sessionId":"6f236a","runId":"align-post","hypothesisId":"A","location":"designer.js:drawWidthStrip","message":"zero-tick vs guide left","data":{"col":17,"guideLeft":770,"tickLeft":770,"deltaPx":0,"region":"cat:18"},"timestamp":1788021471459}
{"sessionId":"6f236a","runId":"endline-post","hypothesisId":"E","location":"designer.js:drawWidthStrip","message":"last-col tick end border","data":{"col":17,"label":0,"zero":true,"isLast":true,"hasEndClass":false,"tickLeft":770,"rightEdge":770,"region":"cat:18"},"timestamp":1788021471459}
{"sessionId":"6f236a","runId":"endline-post","hypothesisId":"D","location":"designer.js:drawRegion","message":"rightmost edge guide","data":{"regionId":"footer","guideLeft":765,"lastWidth":100,"prevWidth":8,"total":753,"inset1px":true},"timestamp":1788021471460}
{"sessionId":"6f236a","runId":"post-fix","hypothesisId":"A","location":"designer.js:drawRegion","message":"line-x skipped (removed)","data":{"regionId":"footer","isGrid":false,"isGridTab":false,"lineXCount":0},"timestamp":1788021471460}
{"sessionId":"6f236a","runId":"align-post","hypothesisId":"A","location":"designer.js:drawWidthStrip","message":"zero-tick vs guide left","data":{"col":5,"guideLeft":312,"tickLeft":312,"deltaPx":0,"region":"footer"},"timestamp":1788021471460}
{"sessionId":"6f236a","runId":"align-post","hypothesisId":"A","location":"designer.js:drawWidthStrip","message":"zero-tick vs guide left","data":{"col":6,"guideLeft":312,"tickLeft":312,"deltaPx":0,"region":"footer"},"timestamp":1788021471460}
{"sessionId":"6f236a","runId":"endline-post","hypothesisId":"E","location":"designer.js:drawWidthStrip","message":"last-col tick end border","data":{"col":14,"label":100,"zero":false,"isLast":true,"hasEndClass":true,"tickLeft":665,"rightEdge":765,"region":"footer"},"timestamp":1788021471460}
{"sessionId":"6f236a","runId":"align-pre","hypothesisId":"B","location":"designer.js:drawTabHeightHandles","message":"height-label right vs table declared right","data":{"panelRight":784,"tableRight":770,"deltaPx":14,"declaredTotal":753,"panelW":772},"timestamp":1788021471463}
{"sessionId":"6f236a","runId":"post-fix","hypothesisId":"B","location":"designer.js:drawBlueprint","message":"blueprint DOM guide counts","data":{"guideH":0,"guideV":51,"hheight":1,"split":3,"edgeH":0},"timestamp":1788021471463}
{"sessionId":"6f236a","runId":"endline-post","hypothesisId":"D","location":"designer.js:drawRegion","message":"rightmost edge guide","data":{"regionId":"header","guideLeft":765,"lastWidth":0,"prevWidth":100,"total":753,"inset1px":true},"timestamp":1788021473860}
{"sessionId":"6f236a","runId":"post-fix","hypothesisId":"A","location":"designer.js:drawRegion","message":"line-x skipped (removed)","data":{"regionId":"header","isGrid":false,"isGridTab":false,"lineXCount":0},"timestamp":1788021473861}
{"sessionId":"6f236a","runId":"align-post","hypothesisId":"A","location":"designer.js:drawWidthStrip","message":"zero-tick vs guide left","data":{"col":5,"guideLeft":312,"tickLeft":312,"deltaPx":0,"region":"header"},"timestamp":1788021473861}
{"sessionId":"6f236a","runId":"align-post","hypothesisId":"A","location":"designer.js:drawWidthStrip","message":"zero-tick vs guide left","data":{"col":6,"guideLeft":312,"tickLeft":312,"deltaPx":0,"region":"header"},"timestamp":1788021473861}
{"sessionId":"6f236a","runId":"align-post","hypothesisId":"A","location":"designer.js:drawWidthStrip","message":"zero-tick vs guide left","data":{"col":14,"guideLeft":765,"tickLeft":765,"deltaPx":0,"region":"header"},"timestamp":1788021473861}
{"sessionId":"6f236a","runId":"endline-post","hypothesisId":"E","location":"designer.js:drawWidthStrip","message":"last-col tick end border","data":{"col":14,"label":0,"zero":true,"isLast":true,"hasEndClass":false,"tickLeft":765,"rightEdge":765,"region":"header"},"timestamp":1788021473861}
{"sessionId":"6f236a","runId":"endline-post","hypothesisId":"D","location":"designer.js:drawRegion","message":"rightmost edge guide","data":{"regionId":"cat:1","guideLeft":786,"lastWidth":769,"total":769,"inset1px":true},"timestamp":1788021473862}
{"sessionId":"6f236a","runId":"post-fix","hypothesisId":"A","location":"designer.js:drawRegion","message":"line-x skipped (removed)","data":{"regionId":"cat:1","isGrid":false,"isGridTab":true,"lineXCount":0},"timestamp":1788021473862}
{"sessionId":"6f236a","runId":"endline-post","hypothesisId":"E","location":"designer.js:drawWidthStrip","message":"last-col tick end border","data":{"col":0,"label":769,"zero":false,"isLast":true,"hasEndClass":true,"tickLeft":17,"rightEdge":786,"region":null},"timestamp":1788021473862}
{"sessionId":"6f236a","runId":"endline-post","hypothesisId":"D","location":"designer.js:drawRegion","message":"rightmost edge guide","data":{"regionId":"footer","guideLeft":765,"lastWidth":100,"prevWidth":8,"total":753,"inset1px":true},"timestamp":1788021473863}
{"sessionId":"6f236a","runId":"post-fix","hypothesisId":"A","location":"designer.js:drawRegion","message":"line-x skipped (removed)","data":{"regionId":"footer","isGrid":false,"isGridTab":false,"lineXCount":0},"timestamp":1788021473864}
{"sessionId":"6f236a","runId":"align-post","hypothesisId":"A","location":"designer.js:drawWidthStrip","message":"zero-tick vs guide left","data":{"col":5,"guideLeft":312,"tickLeft":312,"deltaPx":0,"region":"footer"},"timestamp":1788021473864}
{"sessionId":"6f236a","runId":"align-post","hypothesisId":"A","location":"designer.js:drawWidthStrip","message":"zero-tick vs guide left","data":{"col":6,"guideLeft":312,"tickLeft":312,"deltaPx":0,"region":"footer"},"timestamp":1788021473864}
{"sessionId":"6f236a","runId":"endline-post","hypothesisId":"E","location":"designer.js:drawWidthStrip","message":"last-col tick end border","data":{"col":14,"label":100,"zero":false,"isLast":true,"hasEndClass":true,"tickLeft":665,"rightEdge":765,"region":"footer"},"timestamp":1788021473864}
{"sessionId":"6f236a","runId":"align-pre","hypothesisId":"B","location":"designer.js:drawTabHeightHandles","message":"height-label right vs table declared right","data":{"panelRight":784,"tableRight":786,"deltaPx":-2,"declaredTotal":769,"panelW":772},"timestamp":1788021473865}
{"sessionId":"6f236a","runId":"post-fix","hypothesisId":"B","location":"designer.js:drawBlueprint","message":"blueprint DOM guide counts","data":{"guideH":0,"guideV":34,"hheight":2,"split":2,"edgeH":0},"timestamp":1788021473866}
